INFO:root:Greetings from the ChatRoom! Now type your name and press enter!
INFO:root:Welcome esma! If you ever want to quit, type #quit to exit.
INFO:root:esma: hi
INFO:root:esma: hello
INFO:root:Greetings from the ChatRoom! Now type your name and press enter!
INFO:root:Greetings from the ChatRoom! Now type your name and press enter!
INFO:root:Welcome ali! If you ever want to quit, type #quit to exit.
INFO:root:ali: hi
INFO:root:Welcome veli! If you ever want to quit, type #quit to exit.
INFO:root:veli from [127.0.0.1:64517] has joined the chat!
INFO:root:veli: hi
INFO:root:veli: hi
INFO:root:Greetings from the ChatRoom! Now type your name and press enter!
INFO:root:Welcome esma! If you ever want to quit, type #quit to exit.
INFO:root:esma: teror
